rm -f .git/index.lock
git status
On branch main
Your branch is ahead of 'origin/main' by 3 commits.
  (use "git push" to publish your local commits)

Untracked files:
  (use "git add <file>..." to include in what will be committed)
    "attached_assets/Screenshot 2025-06-02 at 10.54.08\342\200\257AM.png"

nothing added to commit but untracked files present (use "git add" to track)
~/workspace$ git add .
git commit -m "Fix ES module configuration and restore application functionality"
git push origin main
[main 36ef5dc] Fix ES module configuration and restore application functionality
 1 file changed, 0 insertions(+), 0 deletions(-)
 create mode 100644 "attached_assets/Screenshot 2025-06-02 at 10.54.08\342\200\257AM.png"
Enumerating objects: 20, done.
Counting objects: 100% (20/20), done.
Delta compression using up to 8 threads
Compressing objects: 100% (17/17), done.
Writing objects: 100% (17/17), 1.23 MiB | 4.07 MiB/s, done.
Total 17 (delta 8), reused 0 (delta 0), pack-reused 0 (from 0)
remote: Resolving deltas: 100% (8/8), completed with 3 local objects.
remote: error: GH013: Repository rule violations found for refs/heads/main.
remote: 
remote: - GITHUB PUSH PROTECTION
remote:   —————————————————————————————————————————
remote:     Resolve the following violations before pushing again
remote: 
remote:     - Push cannot contain secrets
remote: 
remote:     
remote:      (?) Learn how to resolve a blocked push
remote:      https://docs.github.com/code-security/secret-scanning/working-with-secret-scanning-and-push-protection/working-with-push-protection-from-the-command-line#resolving-a-blocked-push
remote:     
remote:     
remote:       —— Twilio Access Token ———————————————————————————————
remote:        locations:
remote:          - commit: 9e68cc53bb5ef15a689ea14e79faf054688402c5
remote:            path: attached_assets/Pasted-curl-X-POST-https-orderlybite-com-token-H-Content-Type-application-json-v-Host-orderlybite-1748875919750.txt:52
remote:     
remote:        (?) To push, remove secret from commit(s) or follow this URL to allow the secret.
remote:        https://github.com/eakarsu/PortfolioProbe/security/secret-scanning/unblock-secret/2xxNrefuSaeYYpQ3tjy7I4dgPP2
remote:     
remote: 
remote: 
To https://github.com/eakarsu/PortfolioProbe
 ! [remote rejected] main -> main (push declined due to repository rule violations)
error: failed to push some refs to 'https://github.com/eakarsu/PortfolioProbe'
~/workspace$ 
~/workspace$ git branch
  PortfolioProbe
* main
  replit-agent