git status
On branch PortfolioProbe
Your branch is ahead of 'origin/PortfolioProbe' by 3 commits.
  (use "git push" to publish your local commits)

Untracked files:
  (use "git add <file>..." to include in what will be committed)
    "attached_assets/Screenshot 2025-06-02 at 8.19.12\342\200\257AM.png"

nothing added to commit but untracked files present (use "git add" to track)
~/workspace$ gi tpush
bash: gi: command not found
~/workspace$ git push
Enumerating objects: 28, done.
Counting objects: 100% (28/28), done.
Delta compression using up to 8 threads
Compressing objects: 100% (23/23), done.
Writing objects: 100% (23/23), 7.50 MiB | 5.47 MiB/s, done.
Total 23 (delta 11), reused 0 (delta 0), pack-reused 0 (from 0)
remote: Resolving deltas: 100% (11/11), completed with 5 local objects.
remote: error: GH013: Repository rule violations found for refs/heads/PortfolioProbe.
remote: 
remote: - GITHUB PUSH PROTECTION
remote:   —————————————————————————————————————————
remote:     Resolve the following violations before pushing again
remote: 
remote:     - Push cannot contain secrets
remote: 
remote:     
remote:      (?) Learn how to resolve a blocked push
remote:      https://docs.github.com/code-security/secret-scanning/working-with-secret-scanning-and-push-protection/working-with-push-protection-from-the-command-line#resolving-a-blocked-push
remote:     
remote:     
remote:       —— Twilio Access Token ———————————————————————————————
remote:        locations:
remote:          - commit: ba678f45a9b62b533173f888ab5b33a6b59ed86b
remote:            path: attached_assets/Pasted-curl-X-POST-https-api-orderlybite-com-token-H-Content-Type-application-json-v-Host-api-ord-1748865218064.txt:49
remote:     
remote:        (?) To push, remove secret from commit(s) or follow this URL to allow the secret.
remote:        https://github.com/eakarsu/PortfolioProbe/security/secret-scanning/unblock-secret/2xx53SU42I2E3iQQZ3OsWLWY1Pc
remote:     
remote: 
remote: 
To https://github.com/eakarsu/PortfolioProbe
 ! [remote rejected] PortfolioProbe -> PortfolioProbe (push declined due to repository rule violations)
error: failed to push some refs to 'https://github.com/eakarsu/PortfolioProbe'
~/workspace$ git pull --rebase origin main
From https://github.com/eakarsu/PortfolioProbe
 * branch            main       -> FETCH_HEAD
Successfully rebased and updated refs/heads/PortfolioProbe.
~/workspace$ git push origin main
To https://github.com/eakarsu/PortfolioProbe
 ! [rejected]        main -> main (non-fast-forward)
error: failed to push some refs to 'https://github.com/eakarsu/PortfolioProbe'
hint: Updates were rejected because a pushed branch tip is behind its remote
hint: counterpart. If you want to integrate the remote changes, use 'git pull'
hint: before pushing again.
hint: See the 'Note about fast-forwards' in 'git push --help' for details.
~/workspace$ git status
On branch PortfolioProbe
Your branch and 'origin/PortfolioProbe' have diverged,
and have 15 and 5 different commits each, respectively.
  (use "git pull" if you want to integrate the remote branch with yours)

Untracked files:
  (use "git add <file>..." to include in what will be committed)
    "attached_assets/Screenshot 2025-06-02 at 8.19.12\342\200\257AM.png"

nothing added to commit but untracked files present (use "git add" to track)
~/workspace$ git push
To https://github.com/eakarsu/PortfolioProbe
 ! [rejected]        PortfolioProbe -> PortfolioProbe (non-fast-forward)
error: failed to push some refs to 'https://github.com/eakarsu/PortfolioProbe'
hint: Updates were rejected because the tip of your current branch is behind
hint: its remote counterpart. If you want to integrate the remote changes,
hint: use 'git pull' before pushing again.
hint: See the 'Note about fast-forwards' in 'git push --help' for details.
~/workspace$ git push --force-with-lease origin main
Total 0 (delta 0), reused 0 (delta 0), pack-reused 0 (from 0)
To https://github.com/eakarsu/PortfolioProbe
 + 7fbfe4b...de964cd main -> main (forced update)
~/workspace$ git status
On branch PortfolioProbe
Your branch and 'origin/PortfolioProbe' have diverged,
and have 15 and 5 different commits each, respectively.
  (use "git pull" if you want to integrate the remote branch with yours)

Untracked files:
  (use "git add <file>..." to include in what will be committed)
    "attached_assets/Screenshot 2025-06-02 at 8.19.12\342\200\257AM.png"

nothing added to commit but untracked files present (use "git add" to track)
~/workspace$ git push
To https://github.com/eakarsu/PortfolioProbe
 ! [rejected]        PortfolioProbe -> PortfolioProbe (non-fast-forward)
error: failed to push some refs to 'https://github.com/eakarsu/PortfolioProbe'
hint: Updates were rejected because the tip of your current branch is behind
hint: its remote counterpart. If you want to integrate the remote changes,
hint: use 'git pull' before pushing again.
hint: See the 'Note about fast-forwards' in 'git push --help' for details.